// Jest Snapshot v1, https://goo.gl/fbAQLP

exports[`Login_page Snapshot_login 1`] = `
<div
  className="login_page"
>
  <section
    className=""
  >
    <div
      className="container py-5 h-100"
    >
      <div
        className="row d-flex justify-content-center align-items-center h-100"
      >
        <div
          className="col-12 col-md-5 col-lg-6 col-xl-5"
        >
          <div
            className="card bg-dark text-white"
            style={
              Object {
                "bordeRadius": "1rem",
              }
            }
          >
            <div
              className="card-body p-5 text-center"
            >
              <div
                className="mb-md-5 mt-md-4 pb-5"
              >
                <h2
                  className="fw-bold mb-2 text-uppercase"
                >
                  Login
                </h2>
                <p
                  className="text-white-50 mb-5"
                >
                   Enter Your Details
                </p>
                <div
                  className="login_userEmail"
                >
                  <div
                    className="form-outline form-white mb-4"
                  >
                    <input
                      className="form-control form-control-lg"
                      id="typeEmailX"
                      name="userEmail"
                      onChange={[Function]}
                      placeholder="email id"
                      required={true}
                      type="email"
                      value=""
                    />
                    <label
                      className="form-label"
                      for="userEmail"
                    >
                      Email
                    </label>
                  </div>
                </div>
                <div
                  className="login_userPassword"
                >
                  <div
                    className="form-outline form-white mb-4"
                  >
                    <input
                      className="form-control form-control-lg"
                      id="typePasswordX"
                      name="userPassword"
                      onChange={[Function]}
                      placeholder="password"
                      required={true}
                      type="password"
                      value=""
                    />
                    <label
                      className="form-label"
                      for="userPassword"
                    >
                      Password
                    </label>
                  </div>
                </div>
                <p
                  className="small mb-5 pb-lg-2"
                >
                  <a
                    className="text-white-50"
                    href="#!"
                  >
                    Forgot password?
                  </a>
                </p>
                <p
                  defaultValue={false}
                  id="error_paragraph"
                />
                <div
                  className="login_button"
                >
                  <button
                    className="btn btn-outline-light btn-lg px-5"
                    onClick={[Function]}
                    type="submit"
                  >
                    Login
                  </button>
                </div>
              </div>
            </div>
          </div>
        </div>
      </div>
    </div>
  </section>
</div>
`;
